Command: /home/miosa/.espressif/python_env/idf5.5_py3.10_env/bin/python /home/miosa/esp-idf/tools/idf_monitor.py -p /dev/ttyUSB0 -b 115200 --toolchain-prefix xtensa-esp32-elf- --target esp32 --revision 0 /home/miosa/Documents/projects/esp32-sandbox/temp-alert/build/temp-alert.elf /home/miosa/Documents/projects/esp32-sandbox/temp-alert/build/bootloader/bootloader.elf -m '/home/miosa/.espressif/python_env/idf5.5_py3.10_env/bin/python' '/home/miosa/esp-idf/tools/idf.py'
xÔøΩÔøΩxxÔøΩ—Å2: pÔøΩets Jul 29 2019 12:21:46

rst:0x1 (POWERON_RESET),boot:0x13 (SPI_FAST_FLASH_BOOT)
configsip: 0, SPIWP:0xee
clk_drv:0x00,q_drv:0x00,d_drv:0x00,cs0_drv:0x00,hd_drv:0x00,wp_drv:0x00
mode:DIO, clock div:2
load:0x3fff0030,len:6328
load:0x40078000,len:15852
ho 0 tail 12 room 4
load:0x40080400,len:3860
entry 0x40080638
[0;32mI (29) boot: ESP-IDF v5.5-dev-1998-gc71d74e2f8 2nd stage bootloader[0m
[0;32mI (29) boot: compile time Feb 20 2025 14:06:54[0m
[0;32mI (29) boot: Multicore bootloader[0m
[0;32mI (32) boot: chip revision: v3.1[0m
[0;32mI (35) boot.esp32: SPI Speed      : 40MHz[0m
[0;32mI (39) boot.esp32: SPI Mode       : DIO[0m
[0;32mI (42) boot.esp32: SPI Flash Size : 2MB[0m
[0;32mI (46) boot: Enabling RNG early entropy source...[0m
[0;32mI (50) boot: Partition Table:[0m
[0;32mI (53) boot: ## Label            Usage          Type ST Offset   Length[0m
[0;32mI (59) boot:  0 nvs              WiFi data        01 02 00009000 00006000[0m
[0;32mI (66) boot:  1 phy_init         RF data          01 01 0000f000 00001000[0m
[0;32mI (72) boot:  2 factory          factory app      00 00 00010000 00100000[0m
[0;32mI (79) boot: End of partition table[0m
[0;32mI (82) esp_image: segment 0: paddr=00010020 vaddr=3f400020 size=1e760h (124768) map[0m
[0;32mI (132) esp_image: segment 1: paddr=0002e788 vaddr=3ff80000 size=0001ch (    28) load[0m
[0;32mI (133) esp_image: segment 2: paddr=0002e7ac vaddr=3ffb0000 size=0186ch (  6252) load[0m
[0;32mI (139) esp_image: segment 3: paddr=00030020 vaddr=400d0020 size=9dfbch (647100) map[0m
[0;32mI (365) esp_image: segment 4: paddr=000cdfe4 vaddr=3ffb186c size=026fch (  9980) load[0m
[0;32mI (369) esp_image: segment 5: paddr=000d06e8 vaddr=40080000 size=17aa0h ( 96928) load[0m
[0;32mI (418) boot: Loaded app from partition at offset 0x10000[0m
[0;32mI (418) boot: Disabling RNG early entropy source...[0m
[0;32mI (429) cpu_start: Multicore app[0m
[0;32mI (437) cpu_start: Pro cpu start user code[0m
[0;32mI (437) cpu_start: cpu freq: 160000000 Hz[0m
[0;32mI (437) app_init: Application information:[0m
[0;32mI (437) app_init: Project name:     temp-alert[0m
[0;32mI (441) app_init: App version:      1[0m
[0;32mI (445) app_init: Compile time:     Feb 20 2025 22:44:48[0m
[0;32mI (450) app_init: ELF file SHA256:  50cb8f30e...[0m
[0;32mI (454) app_init: ESP-IDF:          v5.5-dev-1998-gc71d74e2f8[0m
[0;32mI (460) efuse_init: Min chip rev:     v0.0[0m
[0;32mI (463) efuse_init: Max chip rev:     v3.99 [0m
[0;32mI (467) efuse_init: Chip rev:         v3.1[0m
[0;32mI (471) heap_init: Initializing. RAM available for dynamic allocation:[0m
[0;32mI (478) heap_init: At 3FFAE6E0 len 00001920 (6 KiB): DRAM[0m
[0;32mI (483) heap_init: At 3FFB8818 len 000277E8 (157 KiB): DRAM[0m
[0;32mI (488) heap_init: At 3FFE0440 len 00003AE0 (14 KiB): D/IRAM[0m
[0;32mI (493) heap_init: At 3FFE4350 len 0001BCB0 (111 KiB): D/IRAM[0m
[0;32mI (499) heap_init: At 40097AA0 len 00008560 (33 KiB): IRAM[0m
[0;32mI (506) spi_flash: detected chip: generic[0m
[0;32mI (508) spi_flash: flash io: dio[0m
[0;33mW (511) spi_flash: Detected size(4096k) larger than the size in the binary image header(2048k). Using the size in the binary image header.[0m
[0;33mW (523) legacy_touch_driver: legacy touch driver is deprecated, please migrate to use driver/touch_sens.h[0m
[0;32mI (533) main_task: Started on CPU0[0m
[0;32mI (543) main_task: Calling app_main()[0m
[0;32mI (563) wifi station: ESP_WIFI_MODE_STA[0m
[0;32mI (573) wifi:wifi driver task: 3ffc0794, prio:23, stack:6656, core=0[0m
[0;32mI (583) wifi:wifi firmware version: 03bba9d[0m
[0;32mI (583) wifi:wifi certification version: v7.0[0m
[0;32mI (583) wifi:config NVS flash: enabled[0m
[0;32mI (583) wifi:config nano formatting: disabled[0m
[0;32mI (583) wifi:Init data frame dynamic rx buffer num: 32[0m
[0;32mI (593) wifi:Init static rx mgmt buffer num: 5[0m
[0;32mI (593) wifi:Init management short buffer num: 32[0m
[0;32mI (603) wifi:Init dynamic tx buffer num: 32[0m
[0;32mI (603) wifi:Init static rx buffer size: 1600[0m
[0;32mI (613) wifi:Init static rx buffer num: 10[0m
[0;32mI (613) wifi:Init dynamic rx buffer num: 32[0m
[0;32mI (613) wifi_init: rx ba win: 6[0m
[0;32mI (623) wifi_init: accept mbox: 6[0m
[0;32mI (623) wifi_init: tcpip mbox: 32[0m
[0;32mI (623) wifi_init: udp mbox: 6[0m
[0;32mI (623) wifi_init: tcp mbox: 6[0m
[0;32mI (633) wifi_init: tcp tx win: 5760[0m
[0;32mI (633) wifi_init: tcp rx win: 5760[0m
[0;32mI (633) wifi_init: tcp mss: 1440[0m
[0;32mI (643) wifi_init: WiFi IRAM OP enabled[0m
[0;32mI (643) wifi_init: WiFi RX IRAM OP enabled[0m
[0;33mW (653) wifi:Password length matches WPA2 standards, authmode threshold changes from OPEN to WPA2[0m
[0;32mI (653) phy_init: phy_version 4840,02e0d70,Sep  2 2024,19:39:07[0m
[0;32mI (743) wifi:mode : sta (88:13:bf:24:3e:d8)[0m
[0;32mI (743) wifi:enable tsf[0m
[0;32mI (753) wifi station: wifi_init_sta finished.[0m
[0;32mI (853) wifi:new:<1,0>, old:<1,0>, ap:<255,255>, sta:<1,0>, prof:1, snd_ch_cfg:0x0[0m
[0;32mI (863) wifi:state: init -> auth (0xb0)[0m
[0;32mI (873) wifi:state: auth -> assoc (0x0)[0m
[0;32mI (893) wifi:state: assoc -> run (0x10)[0m
[0;32mI (933) wifi:connected with FRITZ!Box 6591 Cable ZE, aid = 1, channel 1, BW20, bssid = dc:15:c8:11:f3:4e[0m
[0;32mI (943) wifi:security: WPA2-PSK, phy: bgn, rssi: -68[0m
[0;32mI (943) wifi:pm start, type: 1[0m

[0;32mI (943) wifi:dp: 1, bi: 102400, li: 3, scale listen interval from 307200 us to 307200 us[0m
[0;32mI (953) wifi:AP's beacon interval = 102400 us, DTIM period = 1[0m
[0;32mI (963) wifi:<ba-add>idx:0 (ifx:0, dc:15:c8:11:f3:4e), tid:6, ssn:2, winSize:64[0m
[0;32mI (1973) esp_netif_handlers: sta ip: 192.168.178.70, mask: 255.255.255.0, gw: 192.168.178.1[0m
[0;32mI (1973) wifi station: got ip:192.168.178.70[0m
[0;32mI (1973) wifi station: connected to ap SSID:FRITZ!Box 6591 Cable ZE[0m
Broker url: mqtt://mqtt.eclipseprojects.io
[0;32mI (1983) wifi station: Other event id:7[0m
[0;32mI (2003) wifi:<ba-add>idx:1 (ifx:0, dc:15:c8:11:f3:4e), tid:0, ssn:0, winSize:64[0m
Touch Sensor normal mode read, the output format is: 
Touchpad num:[raw data]

T9:[2300] 
T9:[2297] 
[0;32mI (2403) wifi station: MQTT_EVENT_CONNECTED[0m
[0;32mI (2403) wifi station: sent publish successful, msg_id=5992[0m
[0;32mI (2403) wifi station: sent subscribe successful, msg_id=52385[0m
[0;32mI (2403) wifi station: sent subscribe successful, msg_id=9580[0m
[0;32mI (2413) wifi station: sent unsubscribe successful, msg_id=55086[0m
T9:[2299] 
[0;32mI (2563) wifi station: MQTT_EVENT_PUBLISHED, msg_id=5992[0m
T9:[2298] 
T9:[2297] 
[0;32mI (2913) wifi station: MQTT_EVENT_SUBSCRIBED, msg_id=52385[0m
[0;32mI (2913) wifi station: sent publish successful, msg_id=0[0m
[0;32mI (2923) wifi station: MQTT_EVENT_SUBSCRIBED, msg_id=9580[0m
[0;32mI (2923) wifi station: sent publish successful, msg_id=0[0m
[0;32mI (2933) wifi station: MQTT_EVENT_UNSUBSCRIBED, msg_id=55086[0m
T9:[2312] 
[0;32mI (3113) wifi station: MQTT_EVENT_DATA[0m
TOPIC=/topic/qos0
DATA=data
T9:[2306] 
[0;32mI (3423) wifi station: MQTT_EVENT_DATA[0m
TOPIC=/topic/qos0
DATA=data
T9:[2293] 
T9:[2296] 
T9:[2308] 
T9:[2311] 
T9:[2315] 
T9:[2312] 
T9:[2296] 
T9:[2310] 
T9:[2314] 
T9:[2312] 
T9:[2305] 
T9:[2310] 
T9:[2312] 
T9:[2314] 
T9:[2312] 
T9:[2311] 
T9:[2313] 
T9:[2306] 
T9:[2310] 
T9:[2304] 
T9:[2299] 
T9:[2305] 
T9:[2305] 
T9:[2308] 
T9:[2313] 
T9:[2310] 
T9:[23